// Vitest Snapshot v1, https://vitest.dev/guide/snapshot.html

exports[`coonsPatch > success > fixture: ''Arbitrary point with different interpâ€¦'' > returns the correct data 1`] = `
{
  "x": 11.875,
  "y": 50,
}
`;

exports[`coonsPatch > success > fixture: ''Arbitrary point with linear interpolaâ€¦'' > returns the correct data 1`] = `
{
  "x": 11.875,
  "y": 50,
}
`;

exports[`coonsPatch > success > fixture: ''Arbitrary point'' > returns the correct data 1`] = `
{
  "x": 20.174815736217084,
  "y": 50.15502250526892,
}
`;
